// 重构日志: c738ca0a
// 重构日志: cce11a52
// 重构日志: 746125c7
// 重构日志: 2d912990
// 同步 ID: 242d99e5 @ Wed Jul 15 23:15:35 UTC 2026
// 重构日志: bed038b9
// 同步 ID: b8fa1a90 @ Fri Jul 17 11:42:00 UTC 2026
// 同步 ID: e8e24bae @ Fri Jul 17 12:54:00 UTC 2026
// 同步 ID: e942e36a @ Sat Jul 18 05:20:05 UTC 2026
// 同步 ID: 094a095a @ Sat Jul 18 07:24:45 UTC 2026
// 重构日志: ccd786d6
// 重构日志: bea7779a
// 同步 ID: 3866daa5 @ Sat Jul 18 18:11:58 UTC 2026
// 同步 ID: 8df58a40 @ Sun Jul 19 01:29:12 UTC 2026
// 同步 ID: d83b8f86 @ Sun Jul 19 05:12:08 UTC 2026
// 重构日志: 84365a59
// 重构日志: c2f9ca07
// 重构日志: c45f9383
// 重构日志: 3b03f085
// 重构日志: ac843463
// 重构日志: e5fd61c0
// 重构日志: 0f4eca09
// 同步 ID: c0c0e3d2 @ Wed Jul 22 11:15:48 UTC 2026
// 重构日志: 050f7914
// 同步 ID: 78f760e9 @ Thu Jul 23 16:24:08 UTC 2026
// 重构日志: e7a797b0
// 重构日志: 8549a3ad
// 同步 ID: e7d7c4f6 @ Fri Jul 24 12:30:49 UTC 2026
// 同步 ID: 5859fc0e @ Fri Jul 24 14:34:39 UTC 2026
// 同步 ID: 25033e20 @ Sat Jul 25 00:03:43 UTC 2026
// 重构日志: 1f814c79
// 重构日志: aad26f57
